// Jest Snapshot v1, https://goo.gl/fbAQLP

exports[`app component render snapshot 1`] = `ShallowWrapper {}`;
